// Jest Snapshot v1, https://goo.gl/fbAQLP

exports[`get meta data from embeds 1`] = `
Object {
  "audios": Array [
    Object {
      "copyText": undefined,
      "copyright": Object {
        "license": "CC-BY-SA-4.0",
      },
      "src": "http://audio.no/file/voof.mp3",
      "title": "Tittel",
    },
  ],
  "brightcoves": Array [
    Object {
      "copyright": Object {
        "license": "CC-BY-SA-4.0",
      },
      "cover": "https://image.no/123.jpg",
      "description": "video description",
      "download": "test4.mp4",
      "iframe": Object {
        "height": 600,
        "src": "https://players.brightcove.net/account/default_default/index.html?videoId=1337",
        "width": 1000,
      },
      "src": "https://players.brightcove.net/account/default_default/index.html?videoId=1337",
      "title": "video title",
      "uploadDate": "2020-01-01T11:12:13.456Z",
    },
    Object {
      "copyright": Object {
        "license": "CC-BY-SA-4.0",
      },
      "cover": undefined,
      "description": undefined,
      "download": "test4.mp4",
      "iframe": Object {
        "height": "480",
        "src": "https://players.brightcove.net/account/default_default/index.html?videoId=42",
        "width": "640",
      },
      "src": "https://players.brightcove.net/account/default_default/index.html?videoId=42",
      "title": undefined,
      "uploadDate": undefined,
    },
  ],
  "images": Array [
    Object {
      "altText": "alt",
      "copyText": "title, NDLA. (http://example.no/1234.jpg). ",
      "copyright": Object {
        "license": "CC-BY-SA-4.0",
      },
      "src": "http://example.no/1234.jpg",
      "title": "title",
    },
    Object {
      "altText": "alt 2",
      "copyText": "title 2, NDLA. (http://example.no/4123.jpg). ",
      "copyright": Object {
        "license": "CC-BY-SA-4.0",
      },
      "src": "http://example.no/4123.jpg",
      "title": "title 2",
    },
  ],
}
`;
