// Jest Snapshot v1, https://goo.gl/fbAQLP

exports[`get meta data from embeds 1`] = `
Object {
  "audios": Array [
    Object {
      "copyright": Object {
        "license": "by-sa",
      },
      "src": "http://audio.no/file/voof.mp3",
      "title": "Tittel",
    },
  ],
  "brightcoves": Array [
    Object {
      "copyright": Object {
        "license": "by-sa",
      },
      "cover": "https://image.no/123.jpg",
      "iframeSrc": "https://players.brightcove.net/account/default_default/index.html?videoId=1337",
      "src": "test4.mp4",
      "title": "video title",
    },
    Object {
      "copyright": Object {
        "license": "by-sa",
      },
      "cover": undefined,
      "iframeSrc": "https://players.brightcove.net/account/default_default/index.html?videoId=42",
      "src": undefined,
      "title": undefined,
    },
  ],
  "images": Array [
    Object {
      "altText": "alt",
      "copyright": Object {
        "license": "by-sa",
      },
      "src": "http://example.no/1234.jpg",
      "title": "title",
    },
  ],
}
`;
