// Jest Snapshot v1, https://goo.gl/fbAQLP

exports[`transformers/htmlTransforms adds display block to math tags 1`] = `
"<html><head></head><body><section>
    <math xmlns=\\"http://www.w3.org/1998/Math/MathML\\" display=\\"block\\">
      <mi>f</mi><mo>&apos;</mo>
      <mfenced><mrow><mn>0</mn><mo>,</mo><mn>5</mn></mrow></mfenced>
      <mo>=</mo><mn>2</mn><mo>&#xB7;</mo><mn>0</mn><mo>,</mo><mn>5</mn><mo>=</mo><mn>1</mn>
    </math>
    <math xmlns=\\"http://www.w3.org/1998/Math/MathML\\" display=\\"block\\">
      <mn>0</mn><mo>,</mo><mn>5</mn>
    </math>
  </section>
  </body></html>"
`;

exports[`transformers/moveReactPortals 1`] = `
"<html><head></head><body><section>
    <figure>
      <p>Lorem ipsum dolor sit amet...</p>
      
    </figure>
  </section><div data-react-universal-portal=\\"true\\"><h2>Modal dialog</h2><div>Stuff</div></div></body></html>"
`;
