// Jest Snapshot v1, https://goo.gl/fbAQLP

exports[`app/fetchAndTransformArticle 13349 1`] = `
Object {
  "articleType": "standard",
  "copyright": Object {
    "creators": Array [
      Object {
        "name": "Steinar Olsen",
        "type": "Writer",
      },
    ],
    "license": Object {
      "description": "Creative Commons Attribution-ShareAlike 4.0 International",
      "license": "CC-BY-SA-4.0",
      "url": "https://creativecommons.org/licenses/by-sa/4.0/",
    },
    "origin": "",
    "processors": Array [],
    "rightsholders": Array [],
  },
  "created": "2009-09-15T07:20:32Z",
  "headerData": Object {},
  "id": 13349,
  "introduction": "Her skal du installere og lære om forskjellige lyskilder styrt av de mest vanlige lysbryterne som blir brukt i boliger. Du skal lære deg åpen og skjult installasjon. Samtidig skal du lære om standarder og forskrifter som finnes i boliginstallasjon",
  "metaData": Object {
    "copyText": "Olsen, S. (2018, 20. februar). Planlegging. NDLA. https://test.ndla.no/article/13349",
  },
  "metaDescription": "Her skal du installere og lære om forskjellige lyskilder styrt av de mest vanlige lysbryterne som blir brukt i boliger.",
  "metaImage": Object {
    "alt": "",
    "language": "nb",
    "url": "https://staging.api.ndla.no/image-api/raw/id/3948",
  },
  "oldNdlaUrl": "//red.ndla.no/node/4901",
  "published": "2018-02-20T14:58:39Z",
  "requiredLibraries": Array [],
  "revision": 1,
  "supportedLanguages": Array [
    "nb",
    "nn",
  ],
  "tags": Array [
    "forberedelse",
    "lysstyring",
    "planlegging",
  ],
  "title": "Planlegging",
  "updated": "2018-02-20T14:58:39Z",
  "updatedBy": "r0gHb9Xg3li4yyXv0QSGQczV3bviakrT",
}
`;

exports[`app/fetchAndTransformArticle 13349 2`] = `
"<section>
  <aside class=\\"c-aside c-aside--wideScreen\\">
    <div class=\\"c-aside__content\\">
      <style data-emotion=\\"css 1x6ir33-FileListSection\\">
        .css-1x6ir33-FileListSection {
          margin: 52px 0;
          padding: 13px 0 26px 26px;
          border-left: 2px solid #f8f8f8;
          font-family: \\"Source Sans Pro\\", Helvetica, Arial, STKaiti, \\"华文楷体\\",
            KaiTi, SimKai, \\"楷体\\", KaiU, DFKai-SB, \\"標楷體\\", SongTi, \\"宋体\\",
            sans-serif;
        }
        .css-1x6ir33-FileListSection .c-icon {
          margin-top: 3px;
          -webkit-flex-shrink: 0;
          -ms-flex-negative: 0;
          flex-shrink: 0;
          margin-right: 13px;
          height: 18px;
          width: 18px;
        }
      </style>
      <section class=\\"css-1x6ir33-FileListSection e1o67ylf2\\">
        <style data-emotion=\\"css t1hjdw-FileListHeading\\">
          .css-t1hjdw-FileListHeading {
            font-size: 16px;
            font-size: 0.8888888888888888rem;
            line-height: 18px;
            letter-spacing: 0.05em;
            margin: 0 0 6.5px 0;
            padding-bottom: 6.5px;
            border-bottom: 2px solid #e8e3e3;
            font-weight: 700;
            text-transform: uppercase;
          }
        </style>
        <h1 class=\\"css-t1hjdw-FileListHeading e1o67ylf1\\">Filer</h1>
        <style data-emotion=\\"css 1wlo79s-FilesList\\">
          .css-1wlo79s-FilesList {
            margin: 0;
            padding: 0;
          }
        </style>
        <ul class=\\"css-1wlo79s-FilesList e1o67ylf0\\">
          <style data-emotion=\\"css 84h7ig-FileListItem\\">
            .css-84h7ig-FileListItem {
              font-size: 18px;
              font-size: 1rem;
              line-height: 26px;
              font-weight: 600;
              min-height: 60px;
              background: #eff0f2;
              display: -webkit-box;
              display: -webkit-flex;
              display: -ms-flexbox;
              display: flex;
              -webkit-align-items: center;
              -webkit-box-align: center;
              -ms-flex-align: center;
              align-items: center;
              -webkit-box-flex-wrap: wrap;
              -webkit-flex-wrap: wrap;
              -ms-flex-wrap: wrap;
              flex-wrap: wrap;
              margin-bottom: 6.5px;
              padding: 13px;
            }
            @media (min-width: 37.5625em) {
              .css-84h7ig-FileListItem {
                padding: 13px 26px;
              }
            }
          </style>
          <li class=\\"css-84h7ig-FileListItem ei1p2nz0\\">
            <style data-emotion=\\"css 1gnmq79-FileLink\\">
              .css-1gnmq79-FileLink {
                box-shadow: none;
                position: relative;
                color: #20588f;
                margin-right: 26px;
                display: -webkit-box;
                display: -webkit-flex;
                display: -ms-flexbox;
                display: flex;
                -webkit-align-items: center;
                -webkit-box-align: center;
                -ms-flex-align: center;
                align-items: center;
              }
              .css-1gnmq79-FileLink:last-child {
                margin-right: 0;
              }
              .css-1gnmq79-FileLink:hover .ei1p2nz2,
              .css-1gnmq79-FileLink:focus .ei1p2nz2,
              .css-1gnmq79-FileLink:active .ei1p2nz2 {
                box-shadow: none;
              }</style
            ><a
              href=\\"https://staging.api.ndla.no/files/82255/Gant diagram.pdf\\"
              target=\\"_blank\\"
              aria-label=\\"Gantt-diagram (PDF)\\"
              aria-describedby=\\"testid_pdf\\"
              class=\\"css-1gnmq79-FileLink ei1p2nz1\\"
              ><svg
                fill=\\"currentColor\\"
                aria-hidden=\\"true\\"
                preserveAspectRatio=\\"xMidYMid meet\\"
                height=\\"1em\\"
                width=\\"1em\\"
                class=\\"c-icon\\"
                viewBox=\\"0 0 24 24\\"
                data-license=\\"Apache License 2.0\\"
                data-source=\\"Material Design\\"
                style=\\"vertical-align: middle\\"
              >
                <g>
                  <path d=\\"M19 9h-4V3H9v6H5l7 7 7-7zM5 18v2h14v-2H5z\\"></path>
                  <path d=\\"M0 0h24v24H0z\\" fill=\\"none\\"></path>
                </g>
              </svg>
              <div
                data-tooltip=\\"true\\"
                data-tooltip-label=\\"Last ned fil:  Gant diagram.pdf\\"
                data-tooltip-from-article-converter=\\"true\\"
              >
                <style data-emotion=\\"css qyvxt5-StyledTooltip\\">
                  .css-qyvxt5-StyledTooltip {
                    color: #fff;
                    z-index: 99999;
                    border: 0;
                    background: #444;
                    border-radius: 4px;
                    padding: 6.5px 13px;
                    font-family: \\"Source Sans Pro\\", Helvetica, Arial, STKaiti,
                      \\"华文楷体\\", KaiTi, SimKai, \\"楷体\\", KaiU, DFKai-SB,
                      \\"標楷體\\", SongTi, \\"宋体\\", sans-serif;
                    font-size: 14;
                    line-height: 1.2;
                    font-weight: 400;
                    text-align: center;
                    white-space: normal;
                    max-width: calc(100vw - #{26px});
                  }</style
                ><span
                  data-tooltip-children=\\"true\\"
                  data-state=\\"tooltip-hidden\\"
                  data-reach-tooltip-trigger=\\"\\"
                  ><style data-emotion=\\"css 1cidfkq-LinkText\\">
                    .css-1cidfkq-LinkText > span {
                      box-shadow: inset 0 -1px;
                    }</style
                  ><span class=\\"css-1cidfkq-LinkText ei1p2nz2\\"
                    ><span>Gantt-diagram (PDF)</span></span
                  ></span
                >
              </div></a
            >
          </li>
        </ul>
      </section>
      <p><strong>Lenke:</strong></p>
      <p>
        <a
          href=\\"http://no.wikipedia.org/wiki/Norsk_Standard\\"
          rel=\\"noopener noreferrer\\"
          target=\\"_blank\\"
          title=\\"Norsk Standard\\"
          >Norsk Standard</a
        >
      </p>
    </div>
  </aside>
  <style data-emotion=\\"css 10rgnba-ContainerDiv\\">
    .css-10rgnba-ContainerDiv {
      position: relative;
    }
  </style>
  <div
    data-header-copy-container=\\"true\\"
    data-title=\\"I planleggingsdelen må du:\\"
    class=\\"css-10rgnba-ContainerDiv e18czas71\\"
  >
    <div>
      <div
        data-tooltip=\\"true\\"
        data-tooltip-label=\\"Kopier lenke til overskriften\\"
        data-tooltip-from-article-converter=\\"true\\"
      >
        <style data-emotion=\\"css qyvxt5-StyledTooltip\\">
          .css-qyvxt5-StyledTooltip {
            color: #fff;
            z-index: 99999;
            border: 0;
            background: #444;
            border-radius: 4px;
            padding: 6.5px 13px;
            font-family: \\"Source Sans Pro\\", Helvetica, Arial, STKaiti,
              \\"华文楷体\\", KaiTi, SimKai, \\"楷体\\", KaiU, DFKai-SB, \\"標楷體\\",
              SongTi, \\"宋体\\", sans-serif;
            font-size: 14;
            line-height: 1.2;
            font-weight: 400;
            text-align: center;
            white-space: normal;
            max-width: calc(100vw - #{26px});
          }</style
        ><span
          data-tooltip-children=\\"true\\"
          data-state=\\"tooltip-hidden\\"
          data-reach-tooltip-trigger=\\"\\"
          ><style data-emotion=\\"css nsj883-IconButton\\">
            .css-nsj883-IconButton {
              position: absolute;
              left: -3em;
              top: 0.1em;
              background: none;
              border: 0;
              z-index: 1;
              -webkit-transition: 0.2s;
              transition: 0.2s;
              opacity: 0;
              color: #777777;
            }
            .css-nsj883-IconButton svg {
              width: 30px;
              height: 30px;
            }
            .e18czas71:hover .css-nsj883-IconButton,
            .css-nsj883-IconButton:focus,
            .css-nsj883-IconButton:focus-visible,
            .css-nsj883-IconButton:active {
              cursor: pointer;
              opacity: 1;
            }</style
          ><button
            data-title=\\"I-planleggingsdelen-m%C3%A5-du%3A\\"
            aria-label=\\"Kopier lenke til overskriften: I-planleggingsdelen-m%C3%A5-du%3A\\"
            class=\\"css-nsj883-IconButton e18czas70\\"
          >
            <svg
              fill=\\"currentColor\\"
              aria-hidden=\\"true\\"
              preserveAspectRatio=\\"xMidYMid meet\\"
              height=\\"1em\\"
              width=\\"1em\\"
              class=\\"c-icon\\"
              viewBox=\\"0 0 24 24\\"
              data-license=\\"Apache License 2.0\\"
              data-source=\\"Material Design\\"
              style=\\"vertical-align: middle\\"
            >
              <g>
                <path d=\\"M0 0h24v24H0z\\" fill=\\"none\\"></path>
                <path
                  d=\\"M3.9 12c0-1.71 1.39-3.1 3.1-3.1h4V7H7c-2.76 0-5 2.24-5 5s2.24 5 5 5h4v-1.9H7c-1.71 0-3.1-1.39-3.1-3.1zM8 13h8v-2H8v2zm9-6h-4v1.9h4c1.71 0 3.1 1.39 3.1 3.1s-1.39 3.1-3.1 3.1h-4V17h4c2.76 0 5-2.24 5-5s-2.24-5-5-5z\\"
                ></path>
              </g>
            </svg></button
        ></span>
      </div>
      <h2 id=\\"I-planleggingsdelen-m%C3%A5-du%3A\\" tabindex=\\"-1\\">
        I planleggingsdelen må du:
      </h2>
    </div>
  </div>
  <p>
    <strong>1.</strong> Foreta en risikovurdering, der du vurderer risikoen ved
    jobben du skal gjøre (HMS, vernetiltak, forskrifter), samt risikoen når
    installasjonen er i bruk.
  </p>
  <ul>
    <li>Du skal arbeide i høyden. Hva må vi tenke på her?</li>
    <li>Du skal kanskje jobbe med spenning?</li>
    <li>Tar vi hensyn til sikkerhetsforskriften?</li>
    <li>Er det verktøy du ikke kjenner, og som du må ha opplæring i?</li>
  </ul>
  <p>
    <strong>2.</strong> Utarbeide en materialliste, slik at du får med deg
    utstyr og materiell du trenger for å utføre jobben.
  </p>
  <ul>
    <li>Er installasjonen åpen eller skjult?</li>
    <li>Finne fram egnet liste, og finne leverandør- eller grossistkatalog.</li>
  </ul>
  <p>
    <strong>3.</strong> Lage en plan for arbeidet (Gant-diagram), det vil si at
    du utarbeider en framdriftsplan der du setter opp på papir i kronologisk
    rekkefølge det du skal gjøre.
  </p>
  <ul>
    <li>
      Gå gjennom oppdraget, og skriv ned de jobbene du skal gjennom i perioden
      (i venstre kolonne).
    </li>
    <li>
      Sett av den tiden du mener du trenger til de forskjellige delene av
      arbeidet.
    </li>
    <li>
      Lag deg en \\"buffer\\" på slutten av oppdraget slik at du har tid til
      ferdigstilling, selv om ikke alt går helt etter planen.
    </li>
  </ul>
  <p>
    Finne fram aktuelt verktøy for jobben du skal gjøre. Klargjøre aktuell
    anleggsdokumentasjon for jobben. I dette oppdraget er det
    installasjonstegning og koblingsskjema.
  </p>
  <aside class=\\"c-aside c-aside--narrowScreen\\">
    <div class=\\"c-aside__content\\">
      <style data-emotion=\\"css 1x6ir33-FileListSection\\">
        .css-1x6ir33-FileListSection {
          margin: 52px 0;
          padding: 13px 0 26px 26px;
          border-left: 2px solid #f8f8f8;
          font-family: \\"Source Sans Pro\\", Helvetica, Arial, STKaiti, \\"华文楷体\\",
            KaiTi, SimKai, \\"楷体\\", KaiU, DFKai-SB, \\"標楷體\\", SongTi, \\"宋体\\",
            sans-serif;
        }
        .css-1x6ir33-FileListSection .c-icon {
          margin-top: 3px;
          -webkit-flex-shrink: 0;
          -ms-flex-negative: 0;
          flex-shrink: 0;
          margin-right: 13px;
          height: 18px;
          width: 18px;
        }
      </style>
      <section class=\\"css-1x6ir33-FileListSection e1o67ylf2\\">
        <style data-emotion=\\"css t1hjdw-FileListHeading\\">
          .css-t1hjdw-FileListHeading {
            font-size: 16px;
            font-size: 0.8888888888888888rem;
            line-height: 18px;
            letter-spacing: 0.05em;
            margin: 0 0 6.5px 0;
            padding-bottom: 6.5px;
            border-bottom: 2px solid #e8e3e3;
            font-weight: 700;
            text-transform: uppercase;
          }
        </style>
        <h1 class=\\"css-t1hjdw-FileListHeading e1o67ylf1\\">Filer</h1>
        <style data-emotion=\\"css 1wlo79s-FilesList\\">
          .css-1wlo79s-FilesList {
            margin: 0;
            padding: 0;
          }
        </style>
        <ul class=\\"css-1wlo79s-FilesList e1o67ylf0\\">
          <style data-emotion=\\"css 84h7ig-FileListItem\\">
            .css-84h7ig-FileListItem {
              font-size: 18px;
              font-size: 1rem;
              line-height: 26px;
              font-weight: 600;
              min-height: 60px;
              background: #eff0f2;
              display: -webkit-box;
              display: -webkit-flex;
              display: -ms-flexbox;
              display: flex;
              -webkit-align-items: center;
              -webkit-box-align: center;
              -ms-flex-align: center;
              align-items: center;
              -webkit-box-flex-wrap: wrap;
              -webkit-flex-wrap: wrap;
              -ms-flex-wrap: wrap;
              flex-wrap: wrap;
              margin-bottom: 6.5px;
              padding: 13px;
            }
            @media (min-width: 37.5625em) {
              .css-84h7ig-FileListItem {
                padding: 13px 26px;
              }
            }
          </style>
          <li class=\\"css-84h7ig-FileListItem ei1p2nz0\\">
            <style data-emotion=\\"css 1gnmq79-FileLink\\">
              .css-1gnmq79-FileLink {
                box-shadow: none;
                position: relative;
                color: #20588f;
                margin-right: 26px;
                display: -webkit-box;
                display: -webkit-flex;
                display: -ms-flexbox;
                display: flex;
                -webkit-align-items: center;
                -webkit-box-align: center;
                -ms-flex-align: center;
                align-items: center;
              }
              .css-1gnmq79-FileLink:last-child {
                margin-right: 0;
              }
              .css-1gnmq79-FileLink:hover .ei1p2nz2,
              .css-1gnmq79-FileLink:focus .ei1p2nz2,
              .css-1gnmq79-FileLink:active .ei1p2nz2 {
                box-shadow: none;
              }</style
            ><a
              href=\\"https://staging.api.ndla.no/files/82255/Gant diagram.pdf\\"
              target=\\"_blank\\"
              aria-label=\\"Gantt-diagram (PDF)\\"
              aria-describedby=\\"testid_pdf\\"
              class=\\"css-1gnmq79-FileLink ei1p2nz1\\"
              ><svg
                fill=\\"currentColor\\"
                aria-hidden=\\"true\\"
                preserveAspectRatio=\\"xMidYMid meet\\"
                height=\\"1em\\"
                width=\\"1em\\"
                class=\\"c-icon\\"
                viewBox=\\"0 0 24 24\\"
                data-license=\\"Apache License 2.0\\"
                data-source=\\"Material Design\\"
                style=\\"vertical-align: middle\\"
              >
                <g>
                  <path d=\\"M19 9h-4V3H9v6H5l7 7 7-7zM5 18v2h14v-2H5z\\"></path>
                  <path d=\\"M0 0h24v24H0z\\" fill=\\"none\\"></path>
                </g>
              </svg>
              <div
                data-tooltip=\\"true\\"
                data-tooltip-label=\\"Last ned fil:  Gant diagram.pdf\\"
                data-tooltip-from-article-converter=\\"true\\"
              >
                <style data-emotion=\\"css qyvxt5-StyledTooltip\\">
                  .css-qyvxt5-StyledTooltip {
                    color: #fff;
                    z-index: 99999;
                    border: 0;
                    background: #444;
                    border-radius: 4px;
                    padding: 6.5px 13px;
                    font-family: \\"Source Sans Pro\\", Helvetica, Arial, STKaiti,
                      \\"华文楷体\\", KaiTi, SimKai, \\"楷体\\", KaiU, DFKai-SB,
                      \\"標楷體\\", SongTi, \\"宋体\\", sans-serif;
                    font-size: 14;
                    line-height: 1.2;
                    font-weight: 400;
                    text-align: center;
                    white-space: normal;
                    max-width: calc(100vw - #{26px});
                  }</style
                ><span
                  data-tooltip-children=\\"true\\"
                  data-state=\\"tooltip-hidden\\"
                  data-reach-tooltip-trigger=\\"\\"
                  ><style data-emotion=\\"css 1cidfkq-LinkText\\">
                    .css-1cidfkq-LinkText > span {
                      box-shadow: inset 0 -1px;
                    }</style
                  ><span class=\\"css-1cidfkq-LinkText ei1p2nz2\\"
                    ><span>Gantt-diagram (PDF)</span></span
                  ></span
                >
              </div></a
            >
          </li>
        </ul>
      </section>
      <p><strong>Lenke:</strong></p>
      <p>
        <a
          href=\\"http://no.wikipedia.org/wiki/Norsk_Standard\\"
          rel=\\"noopener noreferrer\\"
          target=\\"_blank\\"
          title=\\"Norsk Standard\\"
          >Norsk Standard</a
        >
      </p>
    </div>
  </aside>
</section>
"
`;
