// Jest Snapshot v1, https://goo.gl/fbAQLP

exports[`embedToHtml should return anchor tag with path 1`] = `"<a href=\\"/urn:test:1\\">text</a>"`;

exports[`fetchResource for content-link 1`] = `
Object {
  "data": Object {
    "contentId": "1",
  },
  "path": "nb/subjects/subject:12/topic:1:183846/topic:1:183935/resource:1:110269",
}
`;
