// Jest Snapshot v1, https://goo.gl/fbAQLP

exports[`embedToHtml should return anchor tag with path 1`] = `"<a href=\\"/urn:test:1\\">text</a>"`;

exports[`fetchResource for content-link 1`] = `
Object {
  "data": Object {
    "contentId": "1",
  },
  "path": "nb/article/1",
}
`;

exports[`fetchResource with missing taxonomy data should fallback to path without taxonomy 1`] = `
Object {
  "data": Object {
    "contentId": "1",
  },
  "path": "nb/article/1",
}
`;
