// Jest Snapshot v1, https://goo.gl/fbAQLP

exports[`makeIframe 1`] = `"<figure class=\\"c-figure c-figure--resize\\" resizeIframe><iframe title=\\"https://youtube.com\\" aria-label=\\"https://youtube.com\\" src=\\"https://youtube.com\\" width=\\"400\\" height=\\"600\\" allowfullscreen scrolling=\\"no\\" frameborder=\\"0\\" loading=\\"lazy\\"></iframe></figure>"`;

exports[`makeIframe 2`] = `"<figure class=\\"c-figure c-figure--resize\\" resizeIframe><iframe title=\\"https://youtube.com\\" aria-label=\\"https://youtube.com\\" src=\\"https://youtube.com\\" width=\\"400\\" height=\\"600\\" allowfullscreen scrolling=\\"no\\" frameborder=\\"0\\" loading=\\"lazy\\"></iframe></figure>"`;

exports[`makeIframe 3`] = `"<figure class=\\"c-figure c-figure--resize\\" resizeIframe><iframe title=\\"https://youtube.com\\" aria-label=\\"https://youtube.com\\" src=\\"https://youtube.com\\" width=\\"400\\" height=\\"600\\" allowfullscreen scrolling=\\"no\\" frameborder=\\"0\\" loading=\\"lazy\\"></iframe></figure>"`;

exports[`makeIframe 4`] = `"<figure class=\\"c-figure c-figure--resize\\" resizeIframe><iframe title=\\"Youtube\\" aria-label=\\"Youtube\\" src=\\"https://youtube.com\\" width=\\"400\\" height=\\"600\\" allowfullscreen scrolling=\\"no\\" frameborder=\\"0\\" loading=\\"lazy\\"></iframe></figure>"`;

exports[`wrapInFigure 1`] = `"<figure class=\\"c-figure c-figure--resize\\" resizeIframe><div></div></figure>"`;

exports[`wrapInFigure 2`] = `"<figure class=\\"c-figure\\" ><div></div></figure>"`;
