// Jest Snapshot v1, https://goo.gl/fbAQLP

exports[`makeIframe 1`] = `"<figure class=\\"c-embedded c-embedded--resize\\"><iframe src=\\"https://youtube.com\\" width=\\"400\\" height=\\"600\\" allowfullscreen scrolling=\\"no\\" frameborder=\\"0\\" ></iframe></figure>"`;

exports[`makeIframe 2`] = `"<figure class=\\"c-embedded c-embedded--resize\\"><iframe src=\\"https://youtube.com\\" width=\\"400\\" height=\\"600\\" allowfullscreen scrolling=\\"no\\" frameborder=\\"0\\" ></iframe></figure>"`;

exports[`makeIframe 3`] = `"<figure class=\\"c-embedded c-embedded--resize\\"><iframe src=\\"https://youtube.com\\" width=\\"400\\" height=\\"600\\" allowfullscreen scrolling=\\"no\\" frameborder=\\"0\\" ></iframe></figure>"`;

exports[`makeIframe 4`] = `"<figure class=\\"c-embedded c-embedded--resize\\"><iframe src=\\"https://youtube.com\\" width=\\"400\\" height=\\"600\\" allowfullscreen scrolling=\\"no\\" frameborder=\\"0\\" ></iframe></figure>"`;

exports[`wrapInFigureEmbed 1`] = `"<figure class=\\"c-embedded c-embedded--resize\\"><div></div></figure>"`;

exports[`wrapInFigureEmbed 2`] = `"<figure class=\\"c-embedded\\"><div></div></figure>"`;
