// Jest Snapshot v1, https://goo.gl/fbAQLP

exports[`app/fetchAndTransformArticle 417 1`] = `
Object {
  "articleType": "standard",
  "copyright": Object {
    "creators": Array [
      Object {
        "name": "Johannes Leiknes Nag",
        "type": "Writer",
      },
    ],
    "license": Object {
      "description": "Creative Commons Attribution-ShareAlike 2.0 Generic",
      "license": "CC-BY-SA-4.0",
      "url": "https://creativecommons.org/licenses/by-sa/2.0/",
    },
    "origin": "",
    "processors": Array [],
    "rightsholders": Array [],
  },
  "created": "2016-03-22T08:46:42Z",
  "id": 417,
  "introduction": "Vi bruker skript for å tilføre funksjonalitet og interaktivitet på nettsider utover det vi kan lage med markeringsspråk og stilark. Det kan være alt fra små justeringer i design til hele spillkonsept.",
  "metaData": Object {},
  "metaDescription": "Vi bruker skript for å tilføre funksjonalitet og interaktivitet på nettsider utover det vi kan lage med markeringsspråk og stilark. Det kan være alt fra små justeringer i design til hele spillkonsept.",
  "oldNdlaUrl": "//red.ndla.no/node/160589",
  "requiredLibraries": Array [],
  "revision": 1,
  "supportedLanguages": Array [
    "nb",
    "nn",
  ],
  "tags": Array [
    "design",
    "koding",
    "nettside",
    "programmering",
    "tagger",
  ],
  "title": "Skripting gjør sidene mer interaktive",
  "updated": "2017-03-07T17:16:47Z",
  "updatedBy": "content-import-client",
}
`;

exports[`app/fetchAndTransformArticle 417 2`] = `
"<section>
  <figure class=\\"c-figure\\">
    <img
      alt=\\"En feil oppsto ved lasting av en ekstern ressurs.\\"
      src='data:image/svg+xml;charset=UTF-8,
      &lt;svg fill=\\"#8A8888\\" height=\\"400\\" viewBox=\\"0 0 24 12\\" width=\\"100%\\" xmlns=\\"http://www.w3.org/2000/svg\\" style=\\"background-color: #EFF0F2\\"&gt;
        &lt;path d=\\"M0 0h24v24H0V0z\\" fill=\\"none\\"/&gt;
        &lt;path transform=\\"scale(0.3) translate(28, 8.5)\\" d=\\"M11 15h2v2h-2zm0-8h2v6h-2zm.99-5C6.47 2 2 6.48 2 12s4.47 10 9.99 10C17.52 22 22 17.52 22 12S17.52 2 11.99 2zM12 20c-4.42 0-8-3.58-8-8s3.58-8 8-8 8 3.58 8 8-3.58 8-8 8z\\"/&gt;
      &lt;/svg&gt;
    '
    />
    <figcaption>En feil oppsto ved lasting av en ekstern ressurs.</figcaption>
  </figure>
</section>
<section>
  <p>
    Vil du l&#xE6;re deg &#xE5; programmere? Da m&#xE5; du f&#xF8;rst velge et
    programmeringsspr&#xE5;k. Jobber du med nettsider, er det naturlig &#xE5;
    l&#xE6;re seg JavaScript. Det er flere m&#xE5;ter &#xE5; komme i gang
    p&#xE5;. Du kan for eksempel f&#xF8;lge et nettbasert kurs som det vi ser i
    videoen over, eller opplegget hos
    <a
      href=\\"https://nb.khanacademy.org/computing/computer-programming\\"
      rel=\\"noopener noreferrer\\"
      target=\\"_blank\\"
      title=\\"Khan Academy\\"
      >Khan Academy</a
    >. En annen tiln&#xE6;rming er &#xE5; finne eksempelkoder som man tar i bruk
    p&#xE5; egne websider &#x2013; vi kan kalle det problembasert
    tiln&#xE6;rming. Mange vil oppleve det sv&#xE6;rt nyttig.
  </p>
  <blockquote>
    &#xAB;Everyone should learn how to program a computer because it teaches you
    how to think.&#xBB; &#x2014; Steve Jobs
  </blockquote>
  <p>
    Det finnes mange kodespr&#xE5;k. Noen av dem bygger kode med byggeklosser i
    stedet for ord &#x2013; slik som
    <a
      href=\\"https://scratch.mit.edu/projects/editor/?tip_bar=getStarted\\"
      rel=\\"noopener noreferrer\\"
      target=\\"_blank\\"
      title=\\"Scratch p&#xE5; norsk\\"
      >Scratch p&#xE5; norsk</a
    >.
  </p>
  <h2>Endre innhold</h2>
  <p>
    Vi kan ha behov for &#xE5; endre innhold p&#xE5; nettsidene v&#xE5;re basert
    p&#xE5; hva brukeren gj&#xF8;r. For enkelhets skyld viser vi her skript
    direkte i HTML-koden:
  </p>
  <pre><code>&lt;h1 <strong>onclick</strong>=&quot;innerHTML=&apos;Lengre og mer utf&#xF8;rlig overskrift&apos;&quot;&gt;Kort overskrift&lt;/h1&gt;<br></code></pre>
  <p>
    Hvis man klikker p&#xE5; overskriften &#xAB;Kort overskrift&#xBB;, blir den
    byttet ut med en annen overskrift fordi skriptet endrer verdien innerHTML
    p&#xE5; H1-taggen.
  </p>
  <p>
    Vanligvis samles skriptene i et eget dokument, p&#xE5; samme m&#xE5;te som
    stilark. Vi kan da lage funksjonalitet som kan gjenbrukes i alle dokumenter,
    f.eks. innholdsfortegnelser:
  </p>
  <pre><code>var overskrifter = document.getElementByTagName(&quot;h1&quot;);<br></code></pre>
  <p>
    Her vil alle overskrifter fanges opp og lagres, slik at de senere kan vises
    fram et annet sted &#x2013; eller p&#xE5; foresp&#xF8;rsel.
  </p>
  <p>
    I eksempelet over er <em>overskrifter</em> en <strong>variabel</strong> og
    <em>getElementByTagName</em> en <strong>funksjon</strong>. En funksjon
    beregner eller gj&#xF8;r noe, mens en variabel lagrer eller husker for oss.
  </p>
  <h2>Endre stiler</h2>
  <p>&#xC5; endre layout, synlighet og design er enda mer vanlig:</p>
  <pre><code>&lt;h1 <strong>onclick</strong>=&quot;style=&apos;background:yellow&apos;&quot;&gt;Min overskrift&lt;/h1&gt;<br></code></pre>
  <p>
    Med denne koden f&#xE5;r overskriften gul bakgrunnsfarge. Med stiler kan vi
    endre b&#xE5;de synlighet, st&#xF8;rrelse, animasjon og annet.
  </p>
  <h2>Validering</h2>
  <p>
    Mange nettsider har ulike skjema. Det kan v&#xE6;re for s&#xF8;k eller
    innsending av foresp&#xF8;rsler. Her kan det fort bli feiltasting siden
    brukeren er fri til &#xE5; skrive inn det han &#xF8;nsker. Skript vil her
    komme til nytte b&#xE5;de for &#xE5; veilede brukeren og for &#xE5; sikre at
    riktig informasjon blir utfylt.
  </p>
  <p>For &#xE5; sjekke et telefonnummer trengs et skript som sjekker:</p>
  <ul>
    <li>om det kun er skrevet inn tall</li>
    <li>om det er &#xE5;tte siffer</li>
  </ul>
  <p>
    Skriptet kan da gi en feilmelding om &#xAB;Feilskrevet telefonnummer&#xBB;
    eller en mer detaljert feilmelding som &#xAB;Du har skrevet tegn som ikke er
    tall&#xBB;. Sannsynligvis burde skriptet v&#xE6;re s&#xE5; komplekst at det
    tok h&#xF8;yde for valgfri landskode (f.eks. +47).
  </p>
  <p>Vi kan bruke valg-setninger for &#xE5; teste:</p>
  <pre><code><strong>if</strong> (telefonFelt.value.length != 8) {    /* != betyr ulik */<br>         alert(&quot;Du m&#xE5; skrive inn &#xE5;tte tall.&quot;);     <br> } </code></pre>
  <p>
    Bruk av <strong>valg</strong> er en av de store styrkene til et
    programmeringsspr&#xE5;k, noe du fort vil erfare. Programmering av
    <strong>gjentakelser</strong> med l&#xF8;kker er en annen. Vi kan sette opp
    en l&#xF8;kke som for eksempel repeterer samme testkode for alle felt i
    skjemaet v&#xE5;rt.
  </p>
</section>
<section>
  <section class=\\"c-related-articles\\">
    <h1 class=\\"c-section-heading c-related-articles__component-title\\">
      Relaterte artikler
    </h1>
    <div class=\\"c-related-articles__articles\\">
      <article
        class=\\"c-related-articles__item c-related-articles__item--tasks-and-activities\\"
      >
        <h1 class=\\"c-related-articles__title\\">
          <div
            class=\\"c-content-type-badge c-content-type-badge--tasks-and-activities c-content-type-badge--small c-content-type-badge--background\\"
          >
            <svg
              fill=\\"currentColor\\"
              preserveAspectRatio=\\"xMidYMid meet\\"
              height=\\"1em\\"
              width=\\"1em\\"
              class=\\"c-icon\\"
              viewBox=\\"0 0 24 24\\"
              data-license=\\"Apache License 2.0\\"
              data-source=\\"Material Design\\"
              style=\\"vertical-align:middle\\"
            >
              <title>TasksAndActivities</title>
              <g>
                <title>Oppgaver og aktiviteter</title>
                <g
                  id=\\"Page-1\\"
                  stroke=\\"none\\"
                  fill=\\"none\\"
                  stroke-width=\\"1\\"
                  fill-rule=\\"evenodd\\"
                >
                  <g id=\\"oppgaver-og-aktiviteter\\">
                    <g id=\\"Shape\\">
                      <polygon points=\\"0 0 24 0 24 24 0 24\\" />
                      <path
                        d=\\"M17.75,8 L14,4.25 L4,14.25 L4,18 L7.75,18 L17.75,8 Z M20.71,5.04 C21.1,4.65 21.1,4.02 20.71,3.63 L18.37,1.29 C17.98,0.9 17.35,0.9 16.96,1.29 L15,3.25 L18.75,7 L20.71,5.04 Z\\"
                        fill=\\"currentColor\\"
                        fill-rule=\\"nonzero\\"
                      />
                      <polygon
                        fill=\\"currentColor\\"
                        points=\\"0 22 24 22 24 24 0 24\\"
                        fill-rule=\\"nonzero\\"
                      />
                    </g>
                  </g>
                </g>
              </g>
            </svg>
          </div>
          <span class=\\"c-related-articles__link-wrapper\\"
            ><a
              href=\\"/subjects/subject:12/topic:1:183846/topic:1:183935/topic:1:110265/resource:1:110271\\"
              class=\\"c-related-articles__link\\"
              >Skripting gj&#xF8;r sidene mer interaktive</a
            ></span
          >
        </h1>
        <p class=\\"c-related-articles__description\\">
          Vi bruker skript for &#xE5; tilf&#xF8;re funksjonalitet og
          interaktivitet p&#xE5; nettsider utover det vi kan lage med
          markeringsspr&#xE5;k og stilark. Det kan v&#xE6;re alt fra sm&#xE5;
          justeringer i design til hele spillkonsept.
        </p>
      </article>
      <article
        class=\\"c-related-articles__item c-related-articles__item--subject-material\\"
      >
        <h1 class=\\"c-related-articles__title\\">
          <div
            class=\\"c-content-type-badge c-content-type-badge--subject-material c-content-type-badge--small c-content-type-badge--background\\"
          >
            <svg
              fill=\\"currentColor\\"
              preserveAspectRatio=\\"xMidYMid meet\\"
              height=\\"1em\\"
              width=\\"1em\\"
              class=\\"c-icon\\"
              viewBox=\\"0 0 24 24\\"
              data-license=\\"Apache License 2.0\\"
              data-source=\\"Material Design\\"
              style=\\"vertical-align:middle\\"
            >
              <title>SubjectMaterial</title>
              <g>
                <title>Fagstoff</title>
                <g
                  id=\\"Page-1\\"
                  stroke=\\"none\\"
                  fill=\\"none\\"
                  stroke-width=\\"1\\"
                  fill-rule=\\"evenodd\\"
                >
                  <g id=\\"fagstoff\\">
                    <g>
                      <polygon id=\\"Shape\\" points=\\"0 0 24 0 24 24 0 24\\" />
                      <path
                        d=\\"M0,10 L0,8 L11,8 L11,10 L0,10 Z M24,0 L24,2 L0,2 L0,0 L24,0 Z M24,4 L24,6 L0,6 L0,4 L24,4 Z M13,8 L24,15.5 L13,23 L13,8 Z\\"
                        id=\\"shape\\"
                        fill=\\"currentColor\\"
                      />
                    </g>
                  </g>
                </g>
              </g>
            </svg>
          </div>
          <span class=\\"c-related-articles__link-wrapper\\"
            ><a
              href=\\"/subjects/subject:1/topic:1:172733/topic:1:169379/resource:1:158547\\"
              class=\\"c-related-articles__link\\"
              >Skripting gj&#xF8;r sidene mer interaktive</a
            ></span
          >
        </h1>
        <p class=\\"c-related-articles__description\\">
          Vi bruker skript for &#xE5; tilf&#xF8;re funksjonalitet og
          interaktivitet p&#xE5; nettsider utover det vi kan lage med
          markeringsspr&#xE5;k og stilark. Det kan v&#xE6;re alt fra sm&#xE5;
          justeringer i design til hele spillkonsept.
        </p>
      </article>
      <article
        class=\\"c-related-articles__item c-related-articles__item--tasks-and-activities c-related-articles__item--hidden\\"
      >
        <h1 class=\\"c-related-articles__title\\">
          <div
            class=\\"c-content-type-badge c-content-type-badge--tasks-and-activities c-content-type-badge--small c-content-type-badge--background\\"
          >
            <svg
              fill=\\"currentColor\\"
              preserveAspectRatio=\\"xMidYMid meet\\"
              height=\\"1em\\"
              width=\\"1em\\"
              class=\\"c-icon\\"
              viewBox=\\"0 0 24 24\\"
              data-license=\\"Apache License 2.0\\"
              data-source=\\"Material Design\\"
              style=\\"vertical-align:middle\\"
            >
              <title>TasksAndActivities</title>
              <g>
                <title>Oppgaver og aktiviteter</title>
                <g
                  id=\\"Page-1\\"
                  stroke=\\"none\\"
                  fill=\\"none\\"
                  stroke-width=\\"1\\"
                  fill-rule=\\"evenodd\\"
                >
                  <g id=\\"oppgaver-og-aktiviteter\\">
                    <g id=\\"Shape\\">
                      <polygon points=\\"0 0 24 0 24 24 0 24\\" />
                      <path
                        d=\\"M17.75,8 L14,4.25 L4,14.25 L4,18 L7.75,18 L17.75,8 Z M20.71,5.04 C21.1,4.65 21.1,4.02 20.71,3.63 L18.37,1.29 C17.98,0.9 17.35,0.9 16.96,1.29 L15,3.25 L18.75,7 L20.71,5.04 Z\\"
                        fill=\\"currentColor\\"
                        fill-rule=\\"nonzero\\"
                      />
                      <polygon
                        fill=\\"currentColor\\"
                        points=\\"0 22 24 22 24 24 0 24\\"
                        fill-rule=\\"nonzero\\"
                      />
                    </g>
                  </g>
                </g>
              </g>
            </svg>
          </div>
          <span class=\\"c-related-articles__link-wrapper\\"
            ><a
              href=\\"/subjects/subject:12/topic:1:183846/topic:1:183935/topic:1:110265/resource:1:110271\\"
              class=\\"c-related-articles__link\\"
              >Skripting gj&#xF8;r sidene mer interaktive</a
            ></span
          >
        </h1>
        <p class=\\"c-related-articles__description\\">
          Vi bruker skript for &#xE5; tilf&#xF8;re funksjonalitet og
          interaktivitet p&#xE5; nettsider utover det vi kan lage med
          markeringsspr&#xE5;k og stilark. Det kan v&#xE6;re alt fra sm&#xE5;
          justeringer i design til hele spillkonsept.
        </p>
      </article>
      <article
        class=\\"c-related-articles__item c-related-articles__item--external-learning-resources c-related-articles__item--hidden\\"
      >
        <h1 class=\\"c-related-articles__title\\">
          <div
            class=\\"c-content-type-badge c-content-type-badge--external-learning-resources c-content-type-badge--small c-content-type-badge--background\\"
          >
            <svg
              fill=\\"currentColor\\"
              preserveAspectRatio=\\"xMidYMid meet\\"
              height=\\"1em\\"
              width=\\"1em\\"
              class=\\"c-icon\\"
              viewBox=\\"0 0 24 24\\"
              data-license=\\"Apache License 2.0\\"
              data-source=\\"Material Design\\"
              style=\\"vertical-align:middle\\"
            >
              <title>ExternalLearningResource</title>
              <g>
                <title>Eksterne ressurser</title>
                <g
                  id=\\"Page-1\\"
                  stroke=\\"none\\"
                  fill=\\"none\\"
                  stroke-width=\\"1\\"
                  fill-rule=\\"evenodd\\"
                >
                  <g id=\\"delte-ressurser\\">
                    <g id=\\"Shape\\">
                      <polygon points=\\"0 0 24 0 24 24 0 24\\" />
                      <path
                        d=\\"M3.9,12 C3.9,10.29 5.29,8.9 7,8.9 L11,8.9 L11,7 L7,7 C4.24,7 2,9.24 2,12 C2,14.76 4.24,17 7,17 L11,17 L11,15.1 L7,15.1 C5.29,15.1 3.9,13.71 3.9,12 Z M8,13 L16,13 L16,11 L8,11 L8,13 Z M17,7 L13,7 L13,8.9 L17,8.9 C18.71,8.9 20.1,10.29 20.1,12 C20.1,13.71 18.71,15.1 17,15.1 L13,15.1 L13,17 L17,17 C19.76,17 22,14.76 22,12 C22,9.24 19.76,7 17,7 Z\\"
                        fill=\\"currentColor\\"
                        fill-rule=\\"nonzero\\"
                      />
                    </g>
                  </g>
                </g>
              </g>
            </svg>
          </div>
          <span class=\\"c-related-articles__link-wrapper\\"
            ><a
              href=\\"https://www.codecademy.com/learn/introduction-to-javascript\\"
              class=\\"c-related-articles__link\\"
              target=\\"_blank\\"
              rel=\\"noopener noreferrer\\"
              >Introduction To JavaScript | Codecademy</a
            ></span
          >
        </h1>
        <p class=\\"c-related-articles__description\\">
          https://www.codecademy.com/learn/introduction-to-javascript
        </p>
        <p class=\\"c-related-articles__link-info\\">Nettside hos codecademy.com</p>
      </article>
    </div>
    <style
      data-emotion-css=\\"1alwojy-StyledButton-buttonStyle-outlineStyle-outline\\"
    >
      .css-1alwojy-StyledButton-buttonStyle-outlineStyle-outline {
        display: inline-block;
        color: #ffffff;
        background-color: #20588f;
        border: 2px solid #20588f;
        border-radius: 4px;
        padding: 4px 13px;
        outline-width: 0;
        cursor: pointer;
        -webkit-text-decoration: none;
        text-decoration: none;
        font-size: 16px;
        font-size: 0.8888888888888888rem;
        line-height: 1.625;
        font-family: \\"Source Sans Pro\\", Helvetica, Arial, STKaiti, \\"华文楷体\\",
          KaiTi, SimKai, \\"楷体\\", KaiU, DFKai-SB, \\"標楷體\\", SongTi, \\"宋体\\",
          sans-serif;
        font-weight: 700;
        -webkit-transition: all 0.2s cubic-bezier(0.17, 0.04, 0.03, 0.94);
        transition: all 0.2s cubic-bezier(0.17, 0.04, 0.03, 0.94);
        box-shadow: none;
        text-align: center;
        color: #20588f;
        background-color: transparent;
        border: 2px solid #20588f;
        font-weight: 700;
        box-shadow: none;
      }
      .css-1alwojy-StyledButton-buttonStyle-outlineStyle-outline:hover,
      .css-1alwojy-StyledButton-buttonStyle-outlineStyle-outline:focus {
        color: white;
        background-color: #184673;
        border: 2px solid rgba(32, 88, 143, 0);
        -webkit-transform: translateY(1px) translateX(1px);
        -ms-transform: translateY(1px) translateX(1px);
        transform: translateY(1px) translateX(1px);
      }
      .css-1alwojy-StyledButton-buttonStyle-outlineStyle-outline:active {
        -webkit-transform: translateY(2px) translateX(2px);
        -ms-transform: translateY(2px) translateX(2px);
        transform: translateY(2px) translateX(2px);
      }
      .css-1alwojy-StyledButton-buttonStyle-outlineStyle-outline[disabled] {
        color: #777777;
        background-color: #e6e6e6;
        border-color: transparent;
        cursor: not-allowed;
        -webkit-transform: translateY(0) translateX(0);
        -ms-transform: translateY(0) translateX(0);
        transform: translateY(0) translateX(0);
      }
      .css-1alwojy-StyledButton-buttonStyle-outlineStyle-outline:focus {
        box-shadow: 0 0 2px #20588f;
      }
      .css-1alwojy-StyledButton-buttonStyle-outlineStyle-outline:hover,
      .css-1alwojy-StyledButton-buttonStyle-outlineStyle-outline:focus {
        color: white;
        background-color: #20588f;
        border: 2px solid transparent;
        -webkit-transform: translateY(0) translateX(0);
        -ms-transform: translateY(0) translateX(0);
        transform: translateY(0) translateX(0);
      }
      .css-1alwojy-StyledButton-buttonStyle-outlineStyle-outline:disabled {
        color: #777777;
        border: 2px solid transparent;
        background-color: #e6e6e6;
        cursor: not-allowed;
        -webkit-transform: translateY(0) translateX(0);
        -ms-transform: translateY(0) translateX(0);
        transform: translateY(0) translateX(0);
      }</style
    ><button
      type=\\"button\\"
      data-type=\\"related-article-button\\"
      data-showmore=\\"Vis flere relaterte artikler\\"
      data-showless=\\"Vis mindre\\"
      class=\\"css-1alwojy-StyledButton-buttonStyle-outlineStyle-outline e1ljv5qk0\\"
    >
      Vis flere relaterte artikler
    </button>
  </section>
</section>
"
`;
